run bench-hard4-02-ext1: 4 agents running free, no step cap, 5 instances, 19 min ceiling, cap 4.09 GBP
  stop it with: touch runs/bench-hard4-02-ext1.STOP   (or the monitor's Stop button, or Ctrl-C)
     1s  steps 0/0/0/0  spend 0.0000 GBP over 0 calls  open 5/5
    11s  steps 0/0/0/0  spend 0.0000 GBP over 0 calls  open 5/5
    21s  steps 0/0/0/0  spend 0.0000 GBP over 0 calls  open 5/5
    31s  steps 0/0/0/0  spend 0.0000 GBP over 0 calls  open 5/5
    41s  steps 0/0/0/0  spend 0.0000 GBP over 0 calls  open 5/5
    51s  steps 0/0/0/0  spend 0.0000 GBP over 0 calls  open 5/5
    61s  steps 0/0/0/0  spend 0.0000 GBP over 0 calls  open 5/5
    71s  steps 0/0/0/0  spend 0.0000 GBP over 0 calls  open 5/5
    81s  steps 0/0/0/0  spend 0.0000 GBP over 0 calls  open 5/5
    91s  steps 0/0/0/0  spend 0.0000 GBP over 0 calls  open 5/5
   101s  steps 0/0/0/0  spend 0.0000 GBP over 0 calls  open 5/5
   111s  steps 0/0/0/1  spend 0.0151 GBP over 1 calls  open 5/5
   121s  steps 1/0/0/1  spend 0.0302 GBP over 2 calls  open 5/5
   131s  steps 1/0/0/1  spend 0.0302 GBP over 2 calls  open 5/5
   142s  steps 1/0/0/1  spend 0.0302 GBP over 2 calls  open 5/5
   152s  steps 1/0/0/1  spend 0.0302 GBP over 2 calls  open 5/5
   162s  steps 1/0/0/1  spend 0.0302 GBP over 2 calls  open 5/5
   172s  steps 1/0/0/1  spend 0.0302 GBP over 2 calls  open 5/5
   182s  steps 1/1/0/1  spend 0.0495 GBP over 4 calls  open 5/5
   192s  steps 1/1/0/1  spend 0.0495 GBP over 4 calls  open 5/5
   202s  steps 1/1/0/1  spend 0.0495 GBP over 4 calls  open 5/5
   212s  steps 1/1/0/1  spend 0.0495 GBP over 4 calls  open 5/5
   222s  steps 1/1/1/1  spend 0.0776 GBP over 6 calls  open 5/5
   232s  steps 1/1/1/1  spend 0.0776 GBP over 6 calls  open 5/5
   242s  steps 1/1/1/1  spend 0.0776 GBP over 6 calls  open 5/5
   252s  steps 1/1/1/1  spend 0.0776 GBP over 6 calls  open 5/5
   262s  steps 1/1/1/1  spend 0.0776 GBP over 6 calls  open 5/5
   272s  steps 1/1/1/1  spend 0.0776 GBP over 6 calls  open 5/5
   283s  steps 1/1/1/1  spend 0.0776 GBP over 6 calls  open 5/5
   293s  steps 2/1/1/1  spend 0.0977 GBP over 8 calls  open 5/5
   303s  steps 2/2/1/1  spend 0.1127 GBP over 10 calls  open 5/5
   313s  steps 2/2/1/1  spend 0.1127 GBP over 10 calls  open 5/5
   323s  steps 2/2/1/2  spend 0.1373 GBP over 12 calls  open 5/5
   333s  steps 2/2/1/2  spend 0.1373 GBP over 12 calls  open 5/5
   343s  steps 2/2/1/2  spend 0.1373 GBP over 12 calls  open 5/5
   353s  steps 2/2/2/2  spend 0.1546 GBP over 14 calls  open 5/5
   363s  steps 2/2/2/2  spend 0.1546 GBP over 14 calls  open 5/5
   373s  steps 2/2/2/2  spend 0.1546 GBP over 14 calls  open 5/5
   383s  steps 2/2/2/2  spend 0.1546 GBP over 14 calls  open 5/5
   393s  steps 2/2/2/2  spend 0.1546 GBP over 14 calls  open 5/5
   403s  steps 2/2/2/2  spend 0.1546 GBP over 14 calls  open 5/5
   413s  steps 2/2/2/2  spend 0.1546 GBP over 14 calls  open 5/5
   424s  steps 2/2/2/2  spend 0.1546 GBP over 14 calls  open 5/5
   434s  steps 2/2/2/3  spend 0.1694 GBP over 15 calls  open 5/5
   444s  steps 3/2/2/3  spend 0.1875 GBP over 17 calls  open 5/5
   454s  steps 3/2/2/3  spend 0.1875 GBP over 17 calls  open 5/5
   464s  steps 3/3/2/3  spend 0.2069 GBP over 19 calls  open 5/5
   474s  steps 3/3/2/3  spend 0.2069 GBP over 19 calls  open 5/5
   484s  steps 3/3/2/3  spend 0.2069 GBP over 19 calls  open 5/5
   494s  steps 3/3/2/3  spend 0.2069 GBP over 19 calls  open 5/5
   504s  steps 3/3/2/3  spend 0.2069 GBP over 19 calls  open 5/5
   514s  steps 3/3/2/3  spend 0.2069 GBP over 19 calls  open 5/5
   524s  steps 3/3/2/3  spend 0.2069 GBP over 19 calls  open 5/5
   534s  steps 3/3/3/3  spend 0.2319 GBP over 21 calls  open 5/5
   544s  steps 3/3/3/3  spend 0.2319 GBP over 21 calls  open 5/5
   554s  steps 3/3/3/3  spend 0.2319 GBP over 21 calls  open 5/5
   565s  steps 4/3/3/3  spend 0.2468 GBP over 22 calls  open 5/5
   575s  steps 4/4/3/3  spend 0.2623 GBP over 24 calls  open 5/5
   585s  steps 4/4/3/4  spend 0.2798 GBP over 26 calls  open 5/5
   595s  steps 4/4/3/4  spend 0.2798 GBP over 26 calls  open 5/5
   605s  steps 4/4/3/4  spend 0.2798 GBP over 26 calls  open 5/5
   615s  steps 4/4/3/4  spend 0.2798 GBP over 26 calls  open 5/5
   625s  steps 4/4/3/4  spend 0.2798 GBP over 26 calls  open 5/5
   635s  steps 4/4/4/4  spend 0.2947 GBP over 27 calls  open 5/5
   645s  steps 4/4/4/4  spend 0.2947 GBP over 27 calls  open 5/5
   655s  steps 4/4/4/4  spend 0.2947 GBP over 27 calls  open 5/5
   665s  steps 4/4/4/4  spend 0.2947 GBP over 27 calls  open 5/5
   675s  steps 5/4/4/4  spend 0.3097 GBP over 29 calls  open 5/5
   685s  steps 5/4/4/4  spend 0.3097 GBP over 29 calls  open 5/5
   695s  steps 5/4/4/4  spend 0.3097 GBP over 29 calls  open 5/5
   706s  steps 5/4/4/4  spend 0.3097 GBP over 29 calls  open 5/5
   716s  steps 5/4/4/4  spend 0.3097 GBP over 29 calls  open 5/5
   726s  steps 5/4/4/5  spend 0.3247 GBP over 31 calls  open 5/5
   736s  steps 5/5/4/5  spend 0.3439 GBP over 33 calls  open 5/5
   746s  steps 5/5/4/5  spend 0.3439 GBP over 33 calls  open 5/5
   756s  steps 5/5/4/5  spend 0.3439 GBP over 33 calls  open 5/5
   766s  steps 5/5/4/5  spend 0.3439 GBP over 33 calls  open 5/5
   776s  steps 6/5/4/5  spend 0.3588 GBP over 34 calls  open 5/5
   786s  steps 6/5/4/5  spend 0.3588 GBP over 34 calls  open 5/5
   796s  steps 6/5/5/5  spend 0.3785 GBP over 36 calls  open 5/5
   806s  steps 6/5/5/5  spend 0.3785 GBP over 36 calls  open 5/5
   816s  steps 6/5/5/5  spend 0.3785 GBP over 36 calls  open 5/5
   826s  steps 6/5/5/5  spend 0.3785 GBP over 36 calls  open 5/5
   837s  steps 6/5/5/5  spend 0.3785 GBP over 36 calls  open 5/5
   847s  steps 6/5/5/5  spend 0.3785 GBP over 36 calls  open 5/5
   857s  steps 6/6/5/5  spend 0.3935 GBP over 38 calls  open 5/5
   867s  steps 6/6/5/5  spend 0.3935 GBP over 38 calls  open 5/5
   877s  steps 6/6/5/6  spend 0.4108 GBP over 40 calls  open 5/5
   887s  steps 6/6/5/6  spend 0.4108 GBP over 40 calls  open 5/5
   897s  steps 7/6/5/6  spend 0.4257 GBP over 41 calls  open 5/5
   907s  steps 7/6/5/6  spend 0.4257 GBP over 41 calls  open 5/5
   917s  steps 7/6/5/6  spend 0.4257 GBP over 41 calls  open 5/5
   927s  steps 7/6/5/6  spend 0.4257 GBP over 41 calls  open 5/5
   937s  steps 7/6/5/6  spend 0.4257 GBP over 41 calls  open 5/5
   947s  steps 7/6/5/6  spend 0.4257 GBP over 41 calls  open 5/5
   957s  steps 7/6/5/6  spend 0.4257 GBP over 41 calls  open 5/5
   967s  steps 7/6/5/6  spend 0.4257 GBP over 41 calls  open 5/5
   978s  steps 7/7/5/6  spend 0.4406 GBP over 42 calls  open 5/5
   988s  steps 7/7/6/6  spend 0.4634 GBP over 44 calls  open 5/5
   998s  steps 8/7/6/7  spend 0.4932 GBP over 47 calls  open 5/5
  1008s  steps 8/7/6/7  spend 0.4932 GBP over 47 calls  open 5/5
  1018s  steps 8/7/6/7  spend 0.4932 GBP over 47 calls  open 5/5
  1028s  steps 8/7/6/7  spend 0.4932 GBP over 47 calls  open 5/5
  1038s  steps 8/7/6/7  spend 0.4932 GBP over 47 calls  open 5/5
  1048s  steps 8/7/6/7  spend 0.4932 GBP over 47 calls  open 5/5
  1058s  steps 8/7/6/7  spend 0.4932 GBP over 47 calls  open 5/5
  1068s  steps 8/7/6/7  spend 0.4932 GBP over 47 calls  open 5/5
  1078s  steps 8/7/6/7  spend 0.4932 GBP over 47 calls  open 5/5
  1088s  steps 8/8/6/7  spend 0.5081 GBP over 48 calls  open 5/5
  1098s  steps 8/8/6/7  spend 0.5081 GBP over 48 calls  open 5/5
  1108s  steps 8/8/6/7  spend 0.5081 GBP over 48 calls  open 5/5
  1119s  steps 8/8/6/7  spend 0.5081 GBP over 48 calls  open 5/5
  1129s  steps 8/8/6/7  spend 0.5081 GBP over 48 calls  open 5/5
  1139s  steps 8/8/6/7  spend 0.5081 GBP over 48 calls  open 5/5
  1149s  steps 8/8/7/8  spend 0.5422 GBP over 52 calls  open 5/5
  1159s  steps 8/8/8/8  spend 0.5438 GBP over 53 calls  open 5/5
  1169s  steps 9/8/8/8  spend 0.5624 GBP over 55 calls  open 5/5
  1179s  steps 9/8/8/8  spend 0.5624 GBP over 55 calls  open 5/5
  1189s  steps 9/8/8/8  spend 0.5624 GBP over 55 calls  open 5/5
  1199s  steps 9/8/8/8  spend 0.5624 GBP over 55 calls  open 5/5
  1209s  steps 9/8/8/8  spend 0.5624 GBP over 55 calls  open 5/5
  1219s  steps 9/8/8/9  spend 0.5706 GBP over 56 calls  open 5/5
  1229s  steps 9/8/8/9  spend 0.5706 GBP over 56 calls  open 5/5
  1239s  steps 9/8/8/9  spend 0.5706 GBP over 56 calls  open 5/5
  1249s  steps 9/8/8/9  spend 0.5706 GBP over 56 calls  open 5/5
  1260s  steps 9/8/8/9  spend 0.5706 GBP over 56 calls  open 5/5
run bench-hard4-02-ext1 finished in 1261s. 58 calls, 0.5912 GBP. logs in runs/
